
[2026-09-24T00:05:47.337Z] create aborted at 600ms threw in 607ms
{
  "name": "AbortError",
  "message": "This operation was aborted"
}

[2026-09-24T00:05:47.951Z] found at +1222ms


[2026-09-24T00:05:47.952Z] found after abort
{
  "name": "p114-race-muertsve",
  "sessionId": "sbx_LFHO2AIgnuIOtMX25ZEFOROgU8cj",
  "status": "running",
  "persistent": false,
  "createdAt": "2026-09-24T00:05:47.322Z",
  "expiresAt": "2026-09-24T00:10:47.205Z",
  "timeout": 300000,
  "vcpus": 2,
  "memory": 4096,
  "region": "iad1",
  "networkPolicy": "deny-all",
  "totalDurationMs": 0
}

[2026-09-24T00:05:49.401Z] stop p114-race-muertsve ok in 1449ms
{
  "status": "stopped",
  "snapshot": null
}

[2026-09-24T00:05:49.560Z] get(name) after stop ok in 158ms
{
  "name": "p114-race-muertsve",
  "sessionId": "sbx_LFHO2AIgnuIOtMX25ZEFOROgU8cj",
  "status": "stopped",
  "persistent": false,
  "createdAt": "2026-09-24T00:05:47.322Z",
  "timeout": 300000,
  "vcpus": 2,
  "memory": 4096,
  "region": "iad1",
  "networkPolicy": "deny-all",
  "activeCpuUsageMs": 2048,
  "totalDurationMs": 1532
}
